src/features/purchase/components/PurchaseRequestForm.tsx(170,5): error TS2322: Type 'Resolver<{ requestDate: string; requestedBy: string; departmentId: number; locationId: number; purchaseType: string; projectName: string; items: { itemId?: number | null | undefined; categoryId?: number | null | undefined; ... 9 more ...; description?: string | ... 1 more ... | undefined; }[]; projectCode?: string |...' is not assignable to type 'Resolver<{ requestDate: string; requestedBy: string; departmentId: number; locationId: number; purchaseType: string; projectName: string; items: { itemId: number; categoryId: number; categoryName: string; ... 8 more ...; description: string; }[]; projectCode?: string | undefined; remarks?: string | undefined; }, any...'.
  Types of parameters 'options' and 'options' are incompatible.
    Type 'ResolverOptions<{ requestDate: string; requestedBy: string; departmentId: number; locationId: number; purchaseType: string; projectName: string; items: { itemId: number; categoryId: number; categoryName: string; ... 8 more ...; description: string; }[]; projectCode?: string | undefined; remarks?: string | undefined;...' is not assignable to type 'ResolverOptions<{ requestDate: string; requestedBy: string; departmentId: number; locationId: number; purchaseType: string; projectName: string; items: { itemId?: number | null | undefined; categoryId?: number | null | undefined; ... 9 more ...; description?: string | ... 1 more ... | undefined; }[]; projectCode?: s...'.
      Type '{ itemId?: number | null | undefined; categoryId?: number | null | undefined; categoryName?: string | null | undefined; subCategoryId?: number | null | undefined; subCategoryName?: string | ... 1 more ... | undefined; ... 6 more ...; description?: string | ... 1 more ... | undefined; }[]' is not assignable to type '{ itemId: number; categoryId: number; categoryName: string; subCategoryId: number; subCategoryName: string; modelName: string; make: string; uomId: number; uomName: string; quantity: number; unitPrice: number; description: string; }[]'.
        Type '{ itemId?: number | null | undefined; categoryId?: number | null | undefined; categoryName?: string | null | undefined; subCategoryId?: number | null | undefined; subCategoryName?: string | ... 1 more ... | undefined; ... 6 more ...; description?: string | ... 1 more ... | undefined; }' is not assignable to type '{ itemId: number; categoryId: number; categoryName: string; subCategoryId: number; subCategoryName: string; modelName: string; make: string; uomId: number; uomName: string; quantity: number; unitPrice: number; description: string; }'.
          Types of property 'itemId' are incompatible.
            Type 'number | null | undefined' is not assignable to type 'number'.
              Type 'undefined' is not assignable to type 'number'.
src/features/purchase/components/PurchaseRequestForm.tsx(364,20): error TS2345: Argument of type 'TFieldValues' is not assignable to parameter of type '{ requestDate: string; requestedBy: string; departmentId: number; locationId: number; purchaseType: string; projectName: string; items: { itemId: number; categoryId: number; categoryName: string; ... 8 more ...; description: string; }[]; projectCode?: string | undefined; remarks?: string | undefined; }'.
  Type 'FieldValues' is missing the following properties from type '{ requestDate: string; requestedBy: string; departmentId: number; locationId: number; purchaseType: string; projectName: string; items: { itemId: number; categoryId: number; categoryName: string; ... 8 more ...; description: string; }[]; projectCode?: string | undefined; remarks?: string | undefined; }': requestDate, requestedBy, departmentId, locationId, and 3 more.
src/features/purchase/components/PurchaseRequestForm.tsx(403,37): error TS2345: Argument of type 'TFieldValues' is not assignable to parameter of type '{ requestDate: string; requestedBy: string; departmentId: number; locationId: number; purchaseType: string; projectName: string; items: { itemId: number; categoryId: number; categoryName: string; ... 8 more ...; description: string; }[]; projectCode?: string | undefined; remarks?: string | undefined; }'.
  Type 'FieldValues' is missing the following properties from type '{ requestDate: string; requestedBy: string; departmentId: number; locationId: number; purchaseType: string; projectName: string; items: { itemId: number; categoryId: number; categoryName: string; ... 8 more ...; description: string; }[]; projectCode?: string | undefined; remarks?: string | undefined; }': requestDate, requestedBy, departmentId, locationId, and 3 more.
