src/pages/MyProfile.tsx(54,32): error TS2339: Property 'designation' does not exist on type 'User | { id: string; email: string; firstName: string; lastName: string; role: string; permissions: string[]; department: string; isActive: boolean; createdAt: string; updatedAt: string; vendorId: number | undefined; } | { ...; }'.
  Property 'designation' does not exist on type 'User'.
src/pages/MyProfile.tsx(54,60): error TS2339: Property 'department' does not exist on type 'User | { id: string; email: string; firstName: string; lastName: string; role: string; permissions: string[]; department: string; isActive: boolean; createdAt: string; updatedAt: string; vendorId: number | undefined; } | { ...; }'.
  Property 'department' does not exist on type 'User'.
src/pages/MyProfile.tsx(97,45): error TS2339: Property 'phone' does not exist on type 'User | { id: string; email: string; firstName: string; lastName: string; role: string; permissions: string[]; department: string; isActive: boolean; createdAt: string; updatedAt: string; vendorId: number | undefined; } | { ...; }'.
  Property 'phone' does not exist on type 'User'.
src/pages/MyProfile.tsx(108,45): error TS2339: Property 'department' does not exist on type 'User | { id: string; email: string; firstName: string; lastName: string; role: string; permissions: string[]; department: string; isActive: boolean; createdAt: string; updatedAt: string; vendorId: number | undefined; } | { ...; }'.
  Property 'department' does not exist on type 'User'.
src/pages/MyProfile.tsx(119,45): error TS2339: Property 'designation' does not exist on type 'User | { id: string; email: string; firstName: string; lastName: string; role: string; permissions: string[]; department: string; isActive: boolean; createdAt: string; updatedAt: string; vendorId: number | undefined; } | { ...; }'.
  Property 'designation' does not exist on type 'User'.
